Archive member included to satisfy reference by file (symbol)

/opt/st/stm32cubeide_1.16.0/plugins/com.st.stm32cube.ide.mcu.externaltools.gnu-tools-for-stm32.12.3.rel1.linux64_1.0.200.202406132123/tools/bin/../lib/gcc/arm-none-eabi/12.3.1/../../../../arm-none-eabi/lib/thumb/v7e-m/nofp/libc_nano.a(libc_a-exit.o)
                              /opt/st/stm32cubeide_1.16.0/plugins/com.st.stm32cube.ide.mcu.externaltools.gnu-tools-for-stm32.12.3.rel1.linux64_1.0.200.202406132123/tools/bin/../lib/gcc/arm-none-eabi/12.3.1/../../../../arm-none-eabi/lib/thumb/v7e-m/nofp/crt0.o (exit)
/opt/st/stm32cubeide_1.16.0/plugins/com.st.stm32cube.ide.mcu.externaltools.gnu-tools-for-stm32.12.3.rel1.linux64_1.0.200.202406132123/tools/bin/../lib/gcc/arm-none-eabi/12.3.1/../../../../arm-none-eabi/lib/thumb/v7e-m/nofp/libc_nano.a(libc_a-findfp.o)
                              /opt/st/stm32cubeide_1.16.0/plugins/com.st.stm32cube.ide.mcu.externaltools.gnu-tools-for-stm32.12.3.rel1.linux64_1.0.200.202406132123/tools/bin/../lib/gcc/arm-none-eabi/12.3.1/../../../../arm-none-eabi/lib/thumb/v7e-m/nofp/libc_nano.a(libc_a-exit.o) (__stdio_exit_handler)
/opt/st/stm32cubeide_1.16.0/plugins/com.st.stm32cube.ide.mcu.externaltools.gnu-tools-for-stm32.12.3.rel1.linux64_1.0.200.202406132123/tools/bin/../lib/gcc/arm-none-eabi/12.3.1/../../../../arm-none-eabi/lib/thumb/v7e-m/nofp/libc_nano.a(libc_a-fwalk.o)
                              /opt/st/stm32cubeide_1.16.0/plugins/com.st.stm32cube.ide.mcu.externaltools.gnu-tools-for-stm32.12.3.rel1.linux64_1.0.200.202406132123/tools/bin/../lib/gcc/arm-none-eabi/12.3.1/../../../../arm-none-eabi/lib/thumb/v7e-m/nofp/libc_nano.a(libc_a-findfp.o) (_fwalk_sglue)
/opt/st/stm32cubeide_1.16.0/plugins/com.st.stm32cube.ide.mcu.externaltools.gnu-tools-for-stm32.12.3.rel1.linux64_1.0.200.202406132123/tools/bin/../lib/gcc/arm-none-eabi/12.3.1/../../../../arm-none-eabi/lib/thumb/v7e-m/nofp/libc_nano.a(libc_a-stdio.o)
                              /opt/st/stm32cubeide_1.16.0/plugins/com.st.stm32cube.ide.mcu.externaltools.gnu-tools-for-stm32.12.3.rel1.linux64_1.0.200.202406132123/tools/bin/../lib/gcc/arm-none-eabi/12.3.1/../../../../arm-none-eabi/lib/thumb/v7e-m/nofp/libc_nano.a(libc_a-findfp.o) (__sread)
/opt/st/stm32cubeide_1.16.0/plugins/com.st.stm32cube.ide.mcu.externaltools.gnu-tools-for-stm32.12.3.rel1.linux64_1.0.200.202406132123/tools/bin/../lib/gcc/arm-none-eabi/12.3.1/../../../../arm-none-eabi/lib/thumb/v7e-m/nofp/libc_nano.a(libc_a-memset.o)
                              /opt/st/stm32cubeide_1.16.0/plugins/com.st.stm32cube.ide.mcu.externaltools.gnu-tools-for-stm32.12.3.rel1.linux64_1.0.200.202406132123/tools/bin/../lib/gcc/arm-none-eabi/12.3.1/../../../../arm-none-eabi/lib/thumb/v7e-m/nofp/crt0.o (memset)
/opt/st/stm32cubeide_1.16.0/plugins/com.st.stm32cube.ide.mcu.externaltools.gnu-tools-for-stm32.12.3.rel1.linux64_1.0.200.202406132123/tools/bin/../lib/gcc/arm-none-eabi/12.3.1/../../../../arm-none-eabi/lib/thumb/v7e-m/nofp/libc_nano.a(libc_a-closer.o)
                              /opt/st/stm32cubeide_1.16.0/plugins/com.st.stm32cube.ide.mcu.externaltools.gnu-tools-for-stm32.12.3.rel1.linux64_1.0.200.202406132123/tools/bin/../lib/gcc/arm-none-eabi/12.3.1/../../../../arm-none-eabi/lib/thumb/v7e-m/nofp/libc_nano.a(libc_a-stdio.o) (_close_r)
/opt/st/stm32cubeide_1.16.0/plugins/com.st.stm32cube.ide.mcu.externaltools.gnu-tools-for-stm32.12.3.rel1.linux64_1.0.200.202406132123/tools/bin/../lib/gcc/arm-none-eabi/12.3.1/../../../../arm-none-eabi/lib/thumb/v7e-m/nofp/libc_nano.a(libc_a-reent.o)
                              /opt/st/stm32cubeide_1.16.0/plugins/com.st.stm32cube.ide.mcu.externaltools.gnu-tools-for-stm32.12.3.rel1.linux64_1.0.200.202406132123/tools/bin/../lib/gcc/arm-none-eabi/12.3.1/../../../../arm-none-eabi/lib/thumb/v7e-m/nofp/libc_nano.a(libc_a-closer.o) (errno)
/opt/st/stm32cubeide_1.16.0/plugins/com.st.stm32cube.ide.mcu.externaltools.gnu-tools-for-stm32.12.3.rel1.linux64_1.0.200.202406132123/tools/bin/../lib/gcc/arm-none-eabi/12.3.1/../../../../arm-none-eabi/lib/thumb/v7e-m/nofp/libc_nano.a(libc_a-impure.o)
                              /opt/st/stm32cubeide_1.16.0/plugins/com.st.stm32cube.ide.mcu.externaltools.gnu-tools-for-stm32.12.3.rel1.linux64_1.0.200.202406132123/tools/bin/../lib/gcc/arm-none-eabi/12.3.1/../../../../arm-none-eabi/lib/thumb/v7e-m/nofp/libc_nano.a(libc_a-reent.o) (_impure_ptr)
/opt/st/stm32cubeide_1.16.0/plugins/com.st.stm32cube.ide.mcu.externaltools.gnu-tools-for-stm32.12.3.rel1.linux64_1.0.200.202406132123/tools/bin/../lib/gcc/arm-none-eabi/12.3.1/../../../../arm-none-eabi/lib/thumb/v7e-m/nofp/libc_nano.a(libc_a-lseekr.o)
                              /opt/st/stm32cubeide_1.16.0/plugins/com.st.stm32cube.ide.mcu.externaltools.gnu-tools-for-stm32.12.3.rel1.linux64_1.0.200.202406132123/tools/bin/../lib/gcc/arm-none-eabi/12.3.1/../../../../arm-none-eabi/lib/thumb/v7e-m/nofp/libc_nano.a(libc_a-stdio.o) (_lseek_r)
[...]
Memory Configuration

Name             Origin             Length             Attributes
CCMRAM           0x10000000         0x00010000         xrw
RAM              0x20000000         0x00020000         xrw
FLASH            0x08000000         0x00100000         xr
*default*        0x00000000         0xffffffff

Linker script and memory map

LOAD /opt/st/stm32cubeide_1.16.0/plugins/com.st.stm32cube.ide.mcu.externaltools.gnu-tools-for-stm32.12.3.rel1.linux64_1.0.200.202406132123/tools/bin/../lib/gcc/arm-none-eabi/12.3.1/thumb/v7e-m/nofp/crti.o
LOAD /opt/st/stm32cubeide_1.16.0/plugins/com.st.stm32cube.ide.mcu.externaltools.gnu-tools-for-stm32.12.3.rel1.linux64_1.0.200.202406132123/tools/bin/../lib/gcc/arm-none-eabi/12.3.1/thumb/v7e-m/nofp/crtbegin.o
LOAD /opt/st/stm32cubeide_1.16.0/plugins/com.st.stm32cube.ide.mcu.externaltools.gnu-tools-for-stm32.12.3.rel1.linux64_1.0.200.202406132123/tools/bin/../lib/gcc/arm-none-eabi/12.3.1/../../../../arm-none-eabi/lib/thumb/v7e-m/nofp/crt0.o
LOAD ./Src/itm.o
LOAD ./Src/led.o
LOAD ./Src/main.o
LOAD ./Src/sys.o
LOAD ./Src/syscalls.o
LOAD ./Src/sysmem.o
LOAD ./Src/system_stm32f4xx.o
LOAD ./Startup/startup_stm32f407vgtx.o
START GROUP
LOAD /opt/st/stm32cubeide_1.16.0/plugins/com.st.stm32cube.ide.mcu.externaltools.gnu-tools-for-stm32.12.3.rel1.linux64_1.0.200.202406132123/tools/bin/../lib/gcc/arm-none-eabi/12.3.1/../../../../arm-none-eabi/lib/thumb/v7e-m/nofp/libc_nano.a
LOAD /opt/st/stm32cubeide_1.16.0/plugins/com.st.stm32cube.ide.mcu.externaltools.gnu-tools-for-stm32.12.3.rel1.linux64_1.0.200.202406132123/tools/bin/../lib/gcc/arm-none-eabi/12.3.1/../../../../arm-none-eabi/lib/thumb/v7e-m/nofp/libm.a
END GROUP
START GROUP
LOAD /opt/st/stm32cubeide_1.16.0/plugins/com.st.stm32cube.ide.mcu.externaltools.gnu-tools-for-stm32.12.3.rel1.linux64_1.0.200.202406132123/tools/bin/../lib/gcc/arm-none-eabi/12.3.1/thumb/v7e-m/nofp/libgcc.a
LOAD /opt/st/stm32cubeide_1.16.0/plugins/com.st.stm32cube.ide.mcu.externaltools.gnu-tools-for-stm32.12.3.rel1.linux64_1.0.200.202406132123/tools/bin/../lib/gcc/arm-none-eabi/12.3.1/../../../../arm-none-eabi/lib/thumb/v7e-m/nofp/libc_nano.a
END GROUP
START GROUP
LOAD /opt/st/stm32cubeide_1.16.0/plugins/com.st.stm32cube.ide.mcu.externaltools.gnu-tools-for-stm32.12.3.rel1.linux64_1.0.200.202406132123/tools/bin/../lib/gcc/arm-none-eabi/12.3.1/thumb/v7e-m/nofp/libgcc.a
LOAD /opt/st/stm32cubeide_1.16.0/plugins/com.st.stm32cube.ide.mcu.externaltools.gnu-tools-for-stm32.12.3.rel1.linux64_1.0.200.202406132123/tools/bin/../lib/gcc/arm-none-eabi/12.3.1/../../../../arm-none-eabi/lib/thumb/v7e-m/nofp/libc_nano.a
LOAD /opt/st/stm32cubeide_1.16.0/plugins/com.st.stm32cube.ide.mcu.externaltools.gnu-tools-for-stm32.12.3.rel1.linux64_1.0.200.202406132123/tools/bin/../lib/gcc/arm-none-eabi/12.3.1/../../../../arm-none-eabi/lib/thumb/v7e-m/nofp/libnosys.a
END GROUP
START GROUP
LOAD /opt/st/stm32cubeide_1.16.0/plugins/com.st.stm32cube.ide.mcu.externaltools.gnu-tools-for-stm32.12.3.rel1.linux64_1.0.200.202406132123/tools/bin/../lib/gcc/arm-none-eabi/12.3.1/thumb/v7e-m/nofp/libgcc.a
LOAD /opt/st/stm32cubeide_1.16.0/plugins/com.st.stm32cube.ide.mcu.externaltools.gnu-tools-for-stm32.12.3.rel1.linux64_1.0.200.202406132123/tools/bin/../lib/gcc/arm-none-eabi/12.3.1/../../../../arm-none-eabi/lib/thumb/v7e-m/nofp/libc_nano.a
LOAD /opt/st/stm32cubeide_1.16.0/plugins/com.st.stm32cube.ide.mcu.externaltools.gnu-tools-for-stm32.12.3.rel1.linux64_1.0.200.202406132123/tools/bin/../lib/gcc/arm-none-eabi/12.3.1/../../../../arm-none-eabi/lib/thumb/v7e-m/nofp/libnosys.a
END GROUP
LOAD /opt/st/stm32cubeide_1.16.0/plugins/com.st.stm32cube.ide.mcu.externaltools.gnu-tools-for-stm32.12.3.rel1.linux64_1.0.200.202406132123/tools/bin/../lib/gcc/arm-none-eabi/12.3.1/thumb/v7e-m/nofp/crtend.o
LOAD /opt/st/stm32cubeide_1.16.0/plugins/com.st.stm32cube.ide.mcu.externaltools.gnu-tools-for-stm32.12.3.rel1.linux64_1.0.200.202406132123/tools/bin/../lib/gcc/arm-none-eabi/12.3.1/thumb/v7e-m/nofp/crtn.o
                0x20020000                        _estack = (ORIGIN (RAM) + LENGTH (RAM))
                0x00000200                        _Min_Heap_Size = 0x200
                0x00000400                        _Min_Stack_Size = 0x400

.isr_vector     0x08000000      0x188
                0x08000000                        . = ALIGN (0x4)
 *(.isr_vector)
 .isr_vector    0x08000000      0x188 ./Startup/startup_stm32f407vgtx.o
                0x08000000                g_pfnVectors
                0x08000188                        . = ALIGN (0x4)

.text           0x08000188      0x398
                0x08000188                        . = ALIGN (0x4)
 *(.text)
 .text          0x08000188       0x40 /opt/st/stm32cubeide_1.16.0/plugins/com.st.stm32cube.ide.mcu.externaltools.gnu-tools-for-stm32.12.3.rel1.linux64_1.0.200.202406132123/tools/bin/../lib/gcc/arm-none-eabi/12.3.1/thumb/v7e-m/nofp/crtbegin.o
 *(.text*)
 .text.LedInit  0x080001c8       0xb4 ./Src/led.o
                0x080001c8                LedInit
 .text.LedOn    0x0800027c       0x2c ./Src/led.o
                0x0800027c                LedOn
 .text.LedOff   0x080002a8       0x2c ./Src/led.o
                0x080002a8                LedOff
 .text.__NVIC_SetPriority
                0x080002d4       0x54 ./Src/main.o
 .text.SysTick_Config
                0x08000328       0x44 ./Src/main.o
 .text.main     0x0800036c       0x48 ./Src/main.o
                0x0800036c                main
 .text.SysTick_Handler
                0x080003b4       0x1c ./Src/sys.o
                0x080003b4                SysTick_Handler
 .text.SysTick_Delay
                0x080003d0       0x30 ./Src/sys.o
                0x080003d0                SysTick_Delay
 .text.SystemInit
                0x08000400        0xc ./Src/system_stm32f4xx.o
                0x08000400                SystemInit
 .text.DWT_Init
                0x0800040c       0x60 ./Src/system_stm32f4xx.o
                0x0800040c                DWT_Init
 .text.Reset_Handler
                0x0800046c       0x50 ./Startup/startup_stm32f407vgtx.o
                0x0800046c                Reset_Handler
 .text.Default_Handler
                0x080004bc        0x2 ./Startup/startup_stm32f407vgtx.o
                0x080004bc                RTC_Alarm_IRQHandler
                0x080004bc                HASH_RNG_IRQHandler
                0x080004bc                EXTI2_IRQHandler
                0x080004bc                TIM8_CC_IRQHandler
                0x080004bc                DebugMon_Handler
                0x080004bc                TIM1_CC_IRQHandler
                0x080004bc                DMA2_Stream5_IRQHandler
                0x080004bc                HardFault_Handler
                0x080004bc                DMA1_Stream5_IRQHandler
                0x080004bc                PVD_IRQHandler
                0x080004bc                SDIO_IRQHandler
                0x080004bc                TAMP_STAMP_IRQHandler
                0x080004bc                PendSV_Handler
                0x080004bc                NMI_Handler
                0x080004bc                CAN2_RX1_IRQHandler
                0x080004bc                EXTI3_IRQHandler
                0x080004bc                TIM8_TRG_COM_TIM14_IRQHandler
                0x080004bc                TIM1_UP_TIM10_IRQHandler
                0x080004bc                TIM8_UP_TIM13_IRQHandler
                0x080004bc                I2C3_ER_IRQHandler
                0x080004bc                EXTI0_IRQHandler
                0x080004bc                I2C2_EV_IRQHandler
                0x080004bc                DMA1_Stream2_IRQHandler
                0x080004bc                CAN1_RX0_IRQHandler
                0x080004bc                FPU_IRQHandler
                0x080004bc                OTG_HS_WKUP_IRQHandler
                0x080004bc                UsageFault_Handler
                0x080004bc                CAN2_SCE_IRQHandler
                0x080004bc                DMA2_Stream2_IRQHandler
                0x080004bc                SPI1_IRQHandler
                0x080004bc                TIM6_DAC_IRQHandler
                0x080004bc                TIM1_BRK_TIM9_IRQHandler
                0x080004bc                DCMI_IRQHandler
                0x080004bc                CAN2_RX0_IRQHandler
                0x080004bc                DMA2_Stream3_IRQHandler
                0x080004bc                USART6_IRQHandler
                0x080004bc                USART3_IRQHandler
                0x080004bc                CRYP_IRQHandler
                0x080004bc                CAN1_RX1_IRQHandler
                0x080004bc                UART5_IRQHandler
                0x080004bc                DMA2_Stream0_IRQHandler
                0x080004bc                TIM4_IRQHandler
                0x080004bc                I2C1_EV_IRQHandler
                0x080004bc                DMA1_Stream6_IRQHandler
                0x080004bc                DMA1_Stream1_IRQHandler
                0x080004bc                UART4_IRQHandler
                0x080004bc                TIM3_IRQHandler
                0x080004bc                RCC_IRQHandler
                0x080004bc                TIM8_BRK_TIM12_IRQHandler
                0x080004bc                Default_Handler
                0x080004bc                EXTI15_10_IRQHandler
                0x080004bc                ADC_IRQHandler
                0x080004bc                DMA1_Stream7_IRQHandler
                0x080004bc                TIM7_IRQHandler
                0x080004bc                CAN2_TX_IRQHandler
                0x080004bc                TIM5_IRQHandler
                0x080004bc                DMA2_Stream7_IRQHandler
                0x080004bc                I2C3_EV_IRQHandler
                0x080004bc                EXTI9_5_IRQHandler
                0x080004bc                RTC_WKUP_IRQHandler
                0x080004bc                ETH_WKUP_IRQHandler
                0x080004bc                SPI2_IRQHandler
                0x080004bc                OTG_HS_EP1_IN_IRQHandler
                0x080004bc                MemManage_Handler
                0x080004bc                DMA1_Stream0_IRQHandler
                0x080004bc                CAN1_TX_IRQHandler
                0x080004bc                SVC_Handler
                0x080004bc                EXTI4_IRQHandler
                0x080004bc                FSMC_IRQHandler
                0x080004bc                ETH_IRQHandler
                0x080004bc                OTG_HS_EP1_OUT_IRQHandler
                0x080004bc                WWDG_IRQHandler
                0x080004bc                TIM2_IRQHandler
                0x080004bc                OTG_FS_WKUP_IRQHandler
                0x080004bc                TIM1_TRG_COM_TIM11_IRQHandler
                0x080004bc                OTG_HS_IRQHandler
                0x080004bc                EXTI1_IRQHandler
                0x080004bc                USART2_IRQHandler
                0x080004bc                I2C2_ER_IRQHandler
                0x080004bc                DMA2_Stream1_IRQHandler
                0x080004bc                CAN1_SCE_IRQHandler
                0x080004bc                DMA2_Stream4_IRQHandler
                0x080004bc                BusFault_Handler
                0x080004bc                USART1_IRQHandler
                0x080004bc                OTG_FS_IRQHandler
                0x080004bc                SPI3_IRQHandler
                0x080004bc                DMA1_Stream4_IRQHandler
                0x080004bc                I2C1_ER_IRQHandler
                0x080004bc                DMA2_Stream6_IRQHandler
                0x080004bc                DMA1_Stream3_IRQHandler
 *fill*         0x080004be        0x2 
 .text.__libc_init_array
                0x080004c0       0x48 /opt/st/stm32cubeide_1.16.0/plugins/com.st.stm32cube.ide.mcu.externaltools.gnu-tools-for-stm32.12.3.rel1.linux64_1.0.200.202406132123/tools/bin/../lib/gcc/arm-none-eabi/12.3.1/../../../../arm-none-eabi/lib/thumb/v7e-m/nofp/libc_nano.a(libc_a-init.o)
                0x080004c0                __libc_init_array
 *(.glue_7)
 .glue_7        0x08000508        0x0 linker stubs
 *(.glue_7t)
 .glue_7t       0x08000508        0x0 linker stubs
 *(.eh_frame)
 .eh_frame      0x08000508        0x0 /opt/st/stm32cubeide_1.16.0/plugins/com.st.stm32cube.ide.mcu.externaltools.gnu-tools-for-stm32.12.3.rel1.linux64_1.0.200.202406132123/tools/bin/../lib/gcc/arm-none-eabi/12.3.1/thumb/v7e-m/nofp/crtbegin.o
 *(.init)
 .init          0x08000508        0x4 /opt/st/stm32cubeide_1.16.0/plugins/com.st.stm32cube.ide.mcu.externaltools.gnu-tools-for-stm32.12.3.rel1.linux64_1.0.200.202406132123/tools/bin/../lib/gcc/arm-none-eabi/12.3.1/thumb/v7e-m/nofp/crti.o
                0x08000508                _init
 .init          0x0800050c        0x8 /opt/st/stm32cubeide_1.16.0/plugins/com.st.stm32cube.ide.mcu.externaltools.gnu-tools-for-stm32.12.3.rel1.linux64_1.0.200.202406132123/tools/bin/../lib/gcc/arm-none-eabi/12.3.1/thumb/v7e-m/nofp/crtn.o
 *(.fini)
 .fini          0x08000514        0x4 /opt/st/stm32cubeide_1.16.0/plugins/com.st.stm32cube.ide.mcu.externaltools.gnu-tools-for-stm32.12.3.rel1.linux64_1.0.200.202406132123/tools/bin/../lib/gcc/arm-none-eabi/12.3.1/thumb/v7e-m/nofp/crti.o
                0x08000514                _fini
 .fini          0x08000518        0x8 /opt/st/stm32cubeide_1.16.0/plugins/com.st.stm32cube.ide.mcu.externaltools.gnu-tools-for-stm32.12.3.rel1.linux64_1.0.200.202406132123/tools/bin/../lib/gcc/arm-none-eabi/12.3.1/thumb/v7e-m/nofp/crtn.o
                0x08000520                        . = ALIGN (0x4)
                0x08000520                        _etext = .

.vfp11_veneer   0x08000520        0x0
 .vfp11_veneer  0x08000520        0x0 linker stubs

.v4_bx          0x08000520        0x0
 .v4_bx         0x08000520        0x0 linker stubs

.iplt           0x08000520        0x0
 .iplt          0x08000520        0x0 /opt/st/stm32cubeide_1.16.0/plugins/com.st.stm32cube.ide.mcu.externaltools.gnu-tools-for-stm32.12.3.rel1.linux64_1.0.200.202406132123/tools/bin/../lib/gcc/arm-none-eabi/12.3.1/thumb/v7e-m/nofp/crtbegin.o

.rodata         0x08000520        0x0
                0x08000520                        . = ALIGN (0x4)
 *(.rodata)
 *(.rodata*)
                0x08000520                        . = ALIGN (0x4)

.ARM.extab      0x08000520        0x0
                0x08000520                        . = ALIGN (0x4)
 *(.ARM.extab* .gnu.linkonce.armextab.*)
                0x08000520                        . = ALIGN (0x4)

.ARM            0x08000520        0x0
                0x08000520                        . = ALIGN (0x4)
                0x08000520                        __exidx_start = .
 *(.ARM.exidx*)
                0x08000520                        __exidx_end = .
                0x08000520                        . = ALIGN (0x4)

.preinit_array  0x08000520        0x0
                0x08000520                        . = ALIGN (0x4)
                0x08000520                        PROVIDE (__preinit_array_start = .)
 *(.preinit_array*)
                0x08000520                        PROVIDE (__preinit_array_end = .)
                0x08000520                        . = ALIGN (0x4)

.init_array     0x08000520        0x4
                0x08000520                        . = ALIGN (0x4)
                0x08000520                        PROVIDE (__init_array_start = .)
 *(SORT_BY_NAME(.init_array.*))
 *(.init_array*)
 .init_array    0x08000520        0x4 /opt/st/stm32cubeide_1.16.0/plugins/com.st.stm32cube.ide.mcu.externaltools.gnu-tools-for-stm32.12.3.rel1.linux64_1.0.200.202406132123/tools/bin/../lib/gcc/arm-none-eabi/12.3.1/thumb/v7e-m/nofp/crtbegin.o
                0x08000524                        PROVIDE (__init_array_end = .)
                0x08000524                        . = ALIGN (0x4)

.fini_array     0x08000524        0x4
                0x08000524                        . = ALIGN (0x4)
                [!provide]                        PROVIDE (__fini_array_start = .)
 *(SORT_BY_NAME(.fini_array.*))
 *(.fini_array*)
 .fini_array    0x08000524        0x4 /opt/st/stm32cubeide_1.16.0/plugins/com.st.stm32cube.ide.mcu.externaltools.gnu-tools-for-stm32.12.3.rel1.linux64_1.0.200.202406132123/tools/bin/../lib/gcc/arm-none-eabi/12.3.1/thumb/v7e-m/nofp/crtbegin.o
                [!provide]                        PROVIDE (__fini_array_end = .)
                0x08000528                        . = ALIGN (0x4)
                0x08000528                        _sidata = LOADADDR (.data)

.rel.dyn        0x08000528        0x0
 .rel.iplt      0x08000528        0x0 /opt/st/stm32cubeide_1.16.0/plugins/com.st.stm32cube.ide.mcu.externaltools.gnu-tools-for-stm32.12.3.rel1.linux64_1.0.200.202406132123/tools/bin/../lib/gcc/arm-none-eabi/12.3.1/thumb/v7e-m/nofp/crtbegin.o

.data           0x20000000        0x4 load address 0x08000528
                0x20000000                        . = ALIGN (0x4)
                0x20000000                        _sdata = .
 *(.data)
 *(.data*)
 .data.SystemCoreClock
                0x20000000        0x4 ./Src/system_stm32f4xx.o
                0x20000000                SystemCoreClock
 *(.RamFunc)
 *(.RamFunc*)
                0x20000004                        . = ALIGN (0x4)
                0x20000004                        _edata = .
                0x0800052c                        _siccmram = LOADADDR (.ccmram)

.igot.plt       0x20000004        0x0 load address 0x0800052c
 .igot.plt      0x20000004        0x0 /opt/st/stm32cubeide_1.16.0/plugins/com.st.stm32cube.ide.mcu.externaltools.gnu-tools-for-stm32.12.3.rel1.linux64_1.0.200.202406132123/tools/bin/../lib/gcc/arm-none-eabi/12.3.1/thumb/v7e-m/nofp/crtbegin.o

.ccmram         0x10000000        0x0 load address 0x0800052c
                0x10000000                        . = ALIGN (0x4)
                0x10000000                        _sccmram = .
 *(.ccmram)
 *(.ccmram*)
                0x10000000                        . = ALIGN (0x4)
                0x10000000                        _eccmram = .
                0x10000000                        . = ALIGN (0x4)

.bss            0x20000004       0x20
                0x20000004                        _sbss = .
                0x20000004                        __bss_start__ = _sbss
 *(.bss)
 .bss           0x20000004       0x1c /opt/st/stm32cubeide_1.16.0/plugins/com.st.stm32cube.ide.mcu.externaltools.gnu-tools-for-stm32.12.3.rel1.linux64_1.0.200.202406132123/tools/bin/../lib/gcc/arm-none-eabi/12.3.1/thumb/v7e-m/nofp/crtbegin.o
 *(.bss*)
 .bss.jiffies   0x20000020        0x4 ./Src/sys.o
                0x20000020                jiffies
 *(COMMON)
                0x20000024                        . = ALIGN (0x4)
                0x20000024                        _ebss = .
                0x20000024                        __bss_end__ = _ebss

._user_heap_stack
                0x20000024      0x604
                0x20000028                        . = ALIGN (0x8)
 *fill*         0x20000024        0x4 
                [!provide]                        PROVIDE (end = .)
                0x20000028                        PROVIDE (_end = .)
                0x20000228                        . = (. + _Min_Heap_Size)
 *fill*         0x20000028      0x200 
                0x20000628                        . = (. + _Min_Stack_Size)
 *fill*         0x20000228      0x400 
                0x20000628                        . = ALIGN (0x8)

/DISCARD/
 libc.a(*)
 libm.a(*)
 libgcc.a(*)

.ARM.attributes
                0x00000000       0x2a
 *(.ARM.attributes)
 .ARM.attributes
                0x00000000       0x1e /opt/st/stm32cubeide_1.16.0/plugins/com.st.stm32cube.ide.mcu.externaltools.gnu-tools-for-stm32.12.3.rel1.linux64_1.0.200.202406132123/tools/bin/../lib/gcc/arm-none-eabi/12.3.1/thumb/v7e-m/nofp/crti.o
 .ARM.attributes
                0x0000001e       0x2e /opt/st/stm32cubeide_1.16.0/plugins/com.st.stm32cube.ide.mcu.externaltools.gnu-tools-for-stm32.12.3.rel1.linux64_1.0.200.202406132123/tools/bin/../lib/gcc/arm-none-eabi/12.3.1/thumb/v7e-m/nofp/crtbegin.o
 .ARM.attributes
                0x0000004c       0x2e ./Src/led.o
 .ARM.attributes
                0x0000007a       0x2e ./Src/main.o
 .ARM.attributes
                0x000000a8       0x2e ./Src/sys.o
 .ARM.attributes
                0x000000d6       0x2e ./Src/system_stm32f4xx.o
 .ARM.attributes
                0x00000104       0x21 ./Startup/startup_stm32f407vgtx.o
 .ARM.attributes
                0x00000125       0x2e /opt/st/stm32cubeide_1.16.0/plugins/com.st.stm32cube.ide.mcu.externaltools.gnu-tools-for-stm32.12.3.rel1.linux64_1.0.200.202406132123/tools/bin/../lib/gcc/arm-none-eabi/12.3.1/../../../../arm-none-eabi/lib/thumb/v7e-m/nofp/libc_nano.a(libc_a-init.o)
 .ARM.attributes
                0x00000153       0x1e /opt/st/stm32cubeide_1.16.0/plugins/com.st.stm32cube.ide.mcu.externaltools.gnu-tools-for-stm32.12.3.rel1.linux64_1.0.200.202406132123/tools/bin/../lib/gcc/arm-none-eabi/12.3.1/thumb/v7e-m/nofp/crtn.o
OUTPUT(systick.elf elf32-littlearm)
LOAD linker stubs
LOAD /opt/st/stm32cubeide_1.16.0/plugins/com.st.stm32cube.ide.mcu.externaltools.gnu-tools-for-stm32.12.3.rel1.linux64_1.0.200.202406132123/tools/bin/../lib/gcc/arm-none-eabi/12.3.1/../../../../arm-none-eabi/lib/thumb/v7e-m/nofp/libc.a
LOAD /opt/st/stm32cubeide_1.16.0/plugins/com.st.stm32cube.ide.mcu.externaltools.gnu-tools-for-stm32.12.3.rel1.linux64_1.0.200.202406132123/tools/bin/../lib/gcc/arm-none-eabi/12.3.1/../../../../arm-none-eabi/lib/thumb/v7e-m/nofp/libm.a
LOAD /opt/st/stm32cubeide_1.16.0/plugins/com.st.stm32cube.ide.mcu.externaltools.gnu-tools-for-stm32.12.3.rel1.linux64_1.0.200.202406132123/tools/bin/../lib/gcc/arm-none-eabi/12.3.1/thumb/v7e-m/nofp/libgcc.a

.debug_info     0x00000000     0x124f
 .debug_info    0x00000000      0x549 ./Src/led.o
 .debug_info    0x00000549      0x6b4 ./Src/main.o
 .debug_info    0x00000bfd       0xe6 ./Src/sys.o
 .debug_info    0x00000ce3      0x53c ./Src/system_stm32f4xx.o
 .debug_info    0x0000121f       0x30 ./Startup/startup_stm32f407vgtx.o

.debug_abbrev   0x00000000      0x502
 .debug_abbrev  0x00000000      0x136 ./Src/led.o
 .debug_abbrev  0x00000136      0x1a5 ./Src/main.o
 .debug_abbrev  0x000002db       0xab ./Src/sys.o
 .debug_abbrev  0x00000386      0x158 ./Src/system_stm32f4xx.o
 .debug_abbrev  0x000004de       0x24 ./Startup/startup_stm32f407vgtx.o

.debug_aranges  0x00000000       0xf8
 .debug_aranges
                0x00000000       0x40 ./Src/led.o
 .debug_aranges
                0x00000040       0x30 ./Src/main.o
 .debug_aranges
                0x00000070       0x28 ./Src/sys.o
 .debug_aranges
                0x00000098       0x38 ./Src/system_stm32f4xx.o
 .debug_aranges
                0x000000d0       0x28 ./Startup/startup_stm32f407vgtx.o

.debug_rnglists
                0x00000000       0xa3
 .debug_rnglists
                0x00000000       0x2c ./Src/led.o
 .debug_rnglists
                0x0000002c       0x1f ./Src/main.o
 .debug_rnglists
                0x0000004b       0x19 ./Src/sys.o
 .debug_rnglists
                0x00000064       0x26 ./Src/system_stm32f4xx.o
 .debug_rnglists
                0x0000008a       0x19 ./Startup/startup_stm32f407vgtx.o

.debug_macro    0x00000000    0x180c1
 .debug_macro   0x00000000       0xdc ./Src/led.o
 .debug_macro   0x000000dc       0x2e ./Src/led.o
 .debug_macro   0x0000010a       0x2f ./Src/led.o
 .debug_macro   0x00000139       0x1c ./Src/led.o
 .debug_macro   0x00000155       0x22 ./Src/led.o
 .debug_macro   0x00000177       0xd9 ./Src/led.o
 .debug_macro   0x00000250     0x102d ./Src/led.o
 .debug_macro   0x0000127d      0x11f ./Src/led.o
 .debug_macro   0x0000139c       0x11 ./Src/led.o
 .debug_macro   0x000013ad    0x15e3c ./Src/led.o
 .debug_macro   0x000171e9       0x4a ./Src/led.o
 .debug_macro   0x00017233       0x28 ./Src/led.o
 .debug_macro   0x0001725b      0x1c5 ./Src/main.o
 .debug_macro   0x00017420       0x61 ./Src/main.o
 .debug_macro   0x00017481       0x24 ./Src/main.o
 .debug_macro   0x000174a5       0x43 ./Src/main.o
 .debug_macro   0x000174e8       0x34 ./Src/main.o
 .debug_macro   0x0001751c       0x16 ./Src/main.o
 .debug_macro   0x00017532       0x9e ./Src/main.o
 .debug_macro   0x000175d0      0x369 ./Src/main.o
 .debug_macro   0x00017939      0x10b ./Src/main.o
 .debug_macro   0x00017a44       0x10 ./Src/main.o
 .debug_macro   0x00017a54       0x16 ./Src/main.o
 .debug_macro   0x00017a6a       0x43 ./Src/main.o
 .debug_macro   0x00017aad       0x34 ./Src/main.o
 .debug_macro   0x00017ae1       0x10 ./Src/main.o
 .debug_macro   0x00017af1       0x58 ./Src/main.o
 .debug_macro   0x00017b49       0x8e ./Src/main.o
 .debug_macro   0x00017bd7       0x1c ./Src/main.o
 .debug_macro   0x00017bf3      0x177 ./Src/main.o
 .debug_macro   0x00017d6a       0x16 ./Src/main.o
 .debug_macro   0x00017d80       0x16 ./Src/main.o
 .debug_macro   0x00017d96      0x146 ./Src/main.o
 .debug_macro   0x00017edc       0x2e ./Src/main.o
 .debug_macro   0x00017f0a       0xd7 ./Src/sys.o
 .debug_macro   0x00017fe1       0xe0 ./Src/system_stm32f4xx.o

.debug_line     0x00000000     0x140b
 .debug_line    0x00000000      0x4d8 ./Src/led.o
 .debug_line    0x000004d8      0x5d5 ./Src/main.o
 .debug_line    0x00000aad      0x40d ./Src/sys.o
 .debug_line    0x00000eba      0x4d6 ./Src/system_stm32f4xx.o
 .debug_line    0x00001390       0x7b ./Startup/startup_stm32f407vgtx.o

.debug_str      0x00000000    0x8bd1e
 .debug_str     0x00000000    0x87c08 ./Src/led.o
                              0x87d84 (size before relaxing)
 .debug_str     0x00087c08     0x3fbe ./Src/main.o
                              0x8bc3f (size before relaxing)
 .debug_str     0x0008bbc6       0x2b ./Src/sys.o
                              0x87b39 (size before relaxing)
 .debug_str     0x0008bbf1       0xee ./Src/system_stm32f4xx.o
                              0x87da7 (size before relaxing)
 .debug_str     0x0008bcdf       0x3f ./Startup/startup_stm32f407vgtx.o
                                 0x67 (size before relaxing)

.comment        0x00000000       0x43
 .comment       0x00000000       0x43 ./Src/led.o
                                 0x44 (size before relaxing)
 .comment       0x00000043       0x44 ./Src/main.o
 .comment       0x00000043       0x44 ./Src/sys.o
 .comment       0x00000043       0x44 ./Src/system_stm32f4xx.o

.debug_frame    0x00000000      0x254
 .debug_frame   0x00000000       0xd4 ./Src/led.o
 .debug_frame   0x000000d4       0x78 ./Src/main.o
 .debug_frame   0x0000014c       0x58 ./Src/sys.o
 .debug_frame   0x000001a4       0x84 ./Src/system_stm32f4xx.o
 .debug_frame   0x00000228       0x2c /opt/st/stm32cubeide_1.16.0/plugins/com.st.stm32cube.ide.mcu.externaltools.gnu-tools-for-stm32.12.3.rel1.linux64_1.0.200.202406132123/tools/bin/../lib/gcc/arm-none-eabi/12.3.1/../../../../arm-none-eabi/lib/thumb/v7e-m/nofp/libc_nano.a(libc_a-init.o)

.debug_loclists
                0x00000000       0x1f
 .debug_loclists
                0x00000000       0x1f ./Src/system_stm32f4xx.o

.debug_line_str
                0x00000000       0x4b
 .debug_line_str
                0x00000000       0x4b ./Startup/startup_stm32f407vgtx.o
